../Core/Src/lsm303c.c:45:6:LSM303C_init	40	static
../Core/Src/lsm303c.c:124:10:LSM303C_SPI_WriteByte	40	static,ignoring_inline_asm
../Core/Src/lsm303c.c:211:9:LSM303C_SPI_ReadByte	40	static,ignoring_inline_asm
../Core/Src/lsm303c.c:610:10:LSM303C_MAG_ReadReg	24	static
../Core/Src/lsm303c.c:640:10:LSM303C_MAG_WriteReg	24	static
../Core/Src/lsm303c.c:669:10:LSM303C_ACC_ReadReg	24	static
../Core/Src/lsm303c.c:703:10:LSM303C_ACC_WriteReg	24	static
../Core/Src/lsm303c.c:732:7:LSM303C_readTempC	16	static
../Core/Src/lsm303c.c:761:10:LSM303C_MAG_TemperatureEN	24	static
../Core/Src/lsm303c.c:780:10:LSM303C_begin	32	static
../Core/Src/lsm303c.c:853:10:LSM303C_MAG_SetODR	24	static
../Core/Src/lsm303c.c:876:10:LSM303C_MAG_SetFullScale	24	static
../Core/Src/lsm303c.c:897:10:LSM303C_MAG_BlockDataUpdate	24	static
../Core/Src/lsm303c.c:919:10:LSM303C_MAG_XYZ_AxDataAvailable	24	static
../Core/Src/lsm303c.c:932:10:LSM303C_MAG_XY_AxOperativeMode	24	static
../Core/Src/lsm303c.c:954:10:LSM303C_MAG_Z_AxOperativeMode	24	static
../Core/Src/lsm303c.c:975:10:LSM303C_MAG_SetMode	24	static
../Core/Src/lsm303c.c:998:10:LSM303C_ACC_SetFullScale	24	static
../Core/Src/lsm303c.c:1021:10:LSM303C_ACC_BlockDataUpdate	24	static
../Core/Src/lsm303c.c:1042:10:LSM303C_ACC_EnableAxis	24	static
../Core/Src/lsm303c.c:1064:10:LSM303C_ACC_SetODR	24	static
../Core/Src/lsm303c.c:1085:7:LSM303C_softReset	8	static
../Core/Src/lsm303c.c:1091:7:LSM303C_readMagX	8	static
../Core/Src/lsm303c.c:1096:7:LSM303C_readMagY	8	static
../Core/Src/lsm303c.c:1101:7:LSM303C_readMagZ	8	static
../Core/Src/lsm303c.c:1107:7:LSM303C_readMag	24	static
../Core/Src/lsm303c.c:1145:10:LSM303C_MAG_GetMagRaw	24	static
../Core/Src/lsm303c.c:1191:10:LSM303C_ACC_Status_Flags	16	static
../Core/Src/lsm303c.c:1203:10:LSM303C_ACC_GetAccRaw	24	static
../Core/Src/lsm303c.c:1247:7:LSM303C_readAccel	24	static
../Core/Src/lsm303c.c:1287:7:LSM303C_readAccelX	16	static
../Core/Src/lsm303c.c:1327:7:LSM303C_readAccelY	16	static
../Core/Src/lsm303c.c:1367:7:LSM303C_readAccelZ	16	static
../Core/Src/lsm303c.c:1414:10:LSM303C_getAzimuth	24	static
../Core/Src/lsm303c.c:1430:9:LSM303C_getBearing	32	static
../Core/Src/lsm303c.c:1463:6:LSM303C_getDirection	24	static
