../Drivers/CMSIS/Include/core_cm4.h:1933:34:__NVIC_SystemReset	4	static,ignoring_inline_asm
../Drivers/STM32WBxx_HAL_Driver/Inc/stm32wbxx_ll_rcc.h:1679:22:LL_RCC_LSE_SetDriveCapability	16	static
../Drivers/STM32WBxx_HAL_Driver/Inc/stm32wbxx_ll_bus.h:539:22:LL_AHB2_GRP1_EnableClock	24	static
../Core/Src/main.c:209:6:scan_btn	8	static
../Core/Src/main.c:238:6:read_ms5837	8	static
../Core/Src/main.c:264:6:Vibrate	24	static
../Core/Src/main.c:277:6:display_off	8	static
../Core/Src/main.c:285:6:display_on	8	static
../Core/Src/main.c:295:6:setupTime	48	static
../Core/Src/main.c:379:6:menu	40	static
../Core/Src/main.c:553:6:show_bat_status	24	static
../Core/Src/main.c:570:5:main	8	static
../Core/Src/main.c:712:6:SystemClock_Config	112	static
../Core/Src/main.c:772:6:PeriphCommonClock_Config	88	static
../Core/Src/main.c:796:13:MX_ADC1_Init	32	static
../Core/Src/main.c:854:13:MX_I2C1_Init	8	static
../Core/Src/main.c:902:13:MX_IWDG_Init	8	static
../Core/Src/main.c:931:13:MX_RTC_Init	8	static
../Core/Src/main.c:967:13:MX_GPIO_Init	32	static
../Core/Src/main.c:1003:6:StartDefaultTask	16	static
../Core/Src/main.c:1021:6:SensorsRead_Task	16	static
../Core/Src/main.c:1069:6:ScanBtn_Task	16	static
../Core/Src/main.c:1089:6:Main_Task	32	static
../Core/Src/main.c:1349:6:HAL_TIM_PeriodElapsedCallback	16	static
../Core/Src/main.c:1366:6:Error_Handler	4	static,ignoring_inline_asm
