../Drivers/CMSIS/Include/core_cm4.h:1933:34:__NVIC_SystemReset	4	static,ignoring_inline_asm
../Drivers/STM32WBxx_HAL_Driver/Inc/stm32wbxx_ll_rcc.h:1679:22:LL_RCC_LSE_SetDriveCapability	16	static
../Drivers/STM32WBxx_HAL_Driver/Inc/stm32wbxx_ll_bus.h:539:22:LL_AHB2_GRP1_EnableClock	24	static
../Core/Src/main.c:209:6:scan_btn	8	static
../Core/Src/main.c:238:6:read_ms5837	8	static
../Core/Src/main.c:264:6:Vibrate	24	static
../Core/Src/main.c:277:6:display_off	8	static
../Core/Src/main.c:285:6:display_on	8	static
../Core/Src/main.c:295:6:setupTime	48	static
../Core/Src/main.c:379:6:menu	40	static
../Core/Src/main.c:553:6:show_bat_status	24	static
../Core/Src/main.c:570:5:main	8	static
../Core/Src/main.c:713:6:SystemClock_Config	112	static
../Core/Src/main.c:773:6:PeriphCommonClock_Config	88	static
../Core/Src/main.c:797:13:MX_ADC1_Init	32	static
../Core/Src/main.c:855:13:MX_I2C1_Init	8	static
../Core/Src/main.c:903:13:MX_IWDG_Init	8	static
../Core/Src/main.c:932:13:MX_RTC_Init	8	static
../Core/Src/main.c:968:13:MX_GPIO_Init	32	static
../Core/Src/main.c:1000:6:StartDefaultTask	16	static
../Core/Src/main.c:1018:6:SensorsRead_Task	16	static
../Core/Src/main.c:1066:6:ScanBtn_Task	16	static
../Core/Src/main.c:1086:6:Main_Task	32	static
../Core/Src/main.c:1346:6:HAL_TIM_PeriodElapsedCallback	16	static
../Core/Src/main.c:1363:6:Error_Handler	4	static,ignoring_inline_asm
