../Core/Src/MPR121.c:76:6:MPR121_setRegister	40	static
../Core/Src/MPR121.c:113:9:MPR121_getRegister	40	static
../Core/Src/MPR121.c:137:6:MPR121_begin	16	static
../Core/Src/MPR121.c:208:6:MPR121_clearSavedThresholds	4	static
../Core/Src/MPR121.c:220:6:MPR121_restoreSavedThresholds	4	static
../Core/Src/MPR121.c:246:6:MPR121_goSlow	4	static
../Core/Src/MPR121.c:250:6:MPR121_goFast	4	static
../Core/Src/MPR121.c:254:6:MPR121_run	8	static
../Core/Src/MPR121.c:259:6:MPR121_stop	8	static
../Core/Src/MPR121.c:265:6:MPR121_reset	8	static
../Core/Src/MPR121.c:295:6:MPR121_applySettings	24	static
../Core/Src/MPR121.c:341:19:MPR121_getError	8	static
../Core/Src/MPR121.c:364:6:MPR121_clearError	4	static
../Core/Src/MPR121.c:368:6:MPR121_isRunning	4	static
../Core/Src/MPR121.c:372:6:MPR121_isInited	4	static
../Core/Src/MPR121.c:376:6:MPR121_updateTouchData	16	static
../Core/Src/MPR121.c:385:6:MPR121_getTouchData	16	static
../Core/Src/MPR121.c:391:9:MPR121_getNumTouches	16	static
../Core/Src/MPR121.c:402:6:MPR121_getLastTouchData	16	static
../Core/Src/MPR121.c:408:6:MPR121_updateFilteredData	32	static
../Core/Src/MPR121.c:426:5:MPR121_getFilteredData	16	static
../Core/Src/MPR121.c:432:6:MPR121_updateBaselineData	32	static
../Core/Src/MPR121.c:445:5:MPR121_getBaselineData	16	static
../Core/Src/MPR121.c:451:6:MPR121_isNewTouch	16	static
../Core/Src/MPR121.c:456:6:MPR121_isNewRelease	16	static
../Core/Src/MPR121.c:461:6:MPR121_updateAll	8	static
../Core/Src/MPR121.c:467:6:MPR121_setTouchThreshold_all	24	static
../Core/Src/MPR121.c:482:6:MPR121_saveTouchThreshold	16	static
../Core/Src/MPR121.c:496:6:MPR121_setTouchThreshold	16	static
../Core/Src/MPR121.c:503:6:MPR121_setReleaseThreshold_all	24	static
../Core/Src/MPR121.c:517:6:MPR121_setReleaseThreshold	16	static
../Core/Src/MPR121.c:524:6:MPR121_saveReleaseThreshold	16	static
../Core/Src/MPR121.c:537:9:MPR121_getTouchThreshold	16	static
../Core/Src/MPR121.c:543:9:MPR121_getReleaseThreshold	16	static
../Core/Src/MPR121.c:550:6:MPR121_setProxMode	24	static
../Core/Src/MPR121.c:578:6:MPR121_setCalibrationLock	24	static
../Core/Src/MPR121.c:606:6:MPR121_setGlobalCDC	24	static
../Core/Src/MPR121.c:612:6:MPR121_setElectrodeCDC	16	static
../Core/Src/MPR121.c:618:6:MPR121_setGlobalCDT	24	static
../Core/Src/MPR121.c:622:6:MPR121_setElectrodeCDT	24	static
../Core/Src/MPR121.c:626:6:MPR121_autoSetElectrodeCDC	40	static
../Core/Src/MPR121.c:679:6:MPR121_autoSetElectrodeCDC_default	16	static
../Core/Src/MPR121.c:684:6:MPR121_autoSetElectrodeCDC_all	16	static
../Core/Src/MPR121.c:693:6:MPR121_autoSetElectrodes	32	static
../Core/Src/MPR121.c:717:6:MPR121_autoSetElectrodes_all	16	static
../Core/Src/MPR121.c:721:6:MPR121_setNumDigPins	24	static
../Core/Src/MPR121.c:736:6:MPR121_setNumEnabledElectrodes	24	static
../Core/Src/MPR121.c:751:9:MPR121_getNumEnabledElectrodes	8	static
../Core/Src/MPR121.c:759:6:MPR121_pinMode	32	static
../Core/Src/MPR121.c:841:6:MPR121_digitalWrite	16	static
../Core/Src/MPR121.c:854:6:MPR121_digitalToggle	16	static
../Core/Src/MPR121.c:863:6:MPR121_digitalRead	16	static
../Core/Src/MPR121.c:872:6:MPR121_analogWrite	32	static
../Core/Src/MPR121.c:918:6:MPR121_setSamplePeriod	24	static
../Core/Src/MPR121.c:922:6:MPR121_setFFI	24	static
../Core/Src/MPR121.c:926:6:MPR121_setSFI	24	static
