../Core/Src/ssd1306.c:10:6:ssd1306_Reset	4	static
../Core/Src/ssd1306.c:15:6:ssd1306_WriteCommand	32	static
../Core/Src/ssd1306.c:24:6:ssd1306_WriteData	32	static
../Core/Src/ssd1306.c:75:17:ssd1306_FillBuffer	24	static
../Core/Src/ssd1306.c:85:6:ssd1306_Init	8	static
../Core/Src/ssd1306.c:187:6:ssd1306_Fill	24	static
../Core/Src/ssd1306.c:197:6:ssd1306_UpdateScreen	16	static
../Core/Src/ssd1306.c:216:6:ssd1306_DrawPixel	16	static
../Core/Src/ssd1306.c:234:6:ssd1306_WriteChar	48	static
../Core/Src/ssd1306.c:269:6:ssd1306_WriteString	24	static
../Core/Src/ssd1306.c:286:6:ssd1306_SetCursor	16	static
../Core/Src/ssd1306.c:292:6:ssd1306_Line	48	static
../Core/Src/ssd1306.c:328:6:ssd1306_Polyline	40	static
../Core/Src/ssd1306.c:342:14:ssd1306_DegToRad	16	static
../Core/Src/ssd1306.c:346:17:ssd1306_NormalizeTo0_360	24	static
../Core/Src/ssd1306.c:363:6:ssd1306_DrawArc	56	static
../Core/Src/ssd1306.c:400:6:ssd1306_DrawCircle	40	static
../Core/Src/ssd1306.c:445:6:ssd1306_DrawRectangle	32	static
../Core/Src/ssd1306.c:456:6:ssd1306_DrawBitmap	24	static
../Core/Src/ssd1306.c:478:6:ssd1306_SetContrast	24	static
../Core/Src/ssd1306.c:484:6:ssd1306_SetDisplayOn	24	static
../Core/Src/ssd1306.c:496:9:ssd1306_GetDisplayOn	4	static
